// 同步 ID: 1d092823 @ Sat Jul 18 01:31:48 UTC 2026
// 重构日志: a2f82e08
// 重构日志: 23964860
// 重构日志: 764cd580
// 重构日志: 951d7da8
// 同步 ID: 99996a6c @ Sat Jul 18 18:41:01 UTC 2026
// 重构日志: ac0e1982
// 同步 ID: 0b8624f5 @ Sun Jul 19 16:45:23 UTC 2026
// 重构日志: 91bca20d
// 重构日志: dc342c0b
// 同步 ID: a44d3856 @ Mon Jul 20 01:40:13 UTC 2026
// 重构日志: 01f012ed
// 同步 ID: 5e036f9e @ Wed Jul 22 10:13:26 UTC 2026
// 同步 ID: 8eb3c4a0 @ Wed Jul 22 13:12:19 UTC 2026
// 同步 ID: c77092de @ Thu Jul 23 02:08:27 UTC 2026
// 同步 ID: 89ca87be @ Fri Jul 24 10:47:36 UTC 2026
// 重构日志: 216793c0
// 同步 ID: f82a037c @ Sat Jul 25 15:08:29 UTC 2026
// 同步 ID: e4e2fbb9 @ Sat Jul 25 18:18:37 UTC 2026
// 重构日志: b0c0d8ed
// 重构日志: 2f1ebedb
// 重构日志: 0b8bc22f
// 同步 ID: 75433200 @ Sun Jul 26 14:39:53 UTC 2026
// 同步 ID: e90c2552 @ Sun Jul 26 16:54:57 UTC 2026
// 重构日志: b0a4957c
// 重构日志: c396c824
// 同步 ID: ca45ff73 @ Tue Jul 28 15:36:22 UTC 2026
// 重构日志: 87bbc714
// 重构日志: 5f647b71
// 同步 ID: 93d46749 @ Fri Jul 31 08:15:33 UTC 2026
